| avoid-high-accuracy-gps.ts:5:5:5:28 | enableH ... y: true | Green IT: Avoid 'enableHighAccuracy: true' to reduce battery drain unless meter-level precision is strictly required for the core user experience. |
| avoid-high-accuracy-gps.ts:18:5:18:28 | enableH ... y: true | Green IT: Avoid 'enableHighAccuracy: true' to reduce battery drain unless meter-level precision is strictly required for the core user experience. |