| avoid_struct_prefer_class.cs:2:15:2:25 | UserProfile | Green IT: Prefer 'class' over 'struct' for 'UserProfile'. Structs are copied on every assignment and method call, increasing CPU usage and memory pressure. Use a class (reference type) unless this type is small, immutable, and short-lived. |
| avoid_struct_prefer_class.cs:10:15:10:23 | OrderItem | Green IT: Prefer 'class' over 'struct' for 'OrderItem'. Structs are copied on every assignment and method call, increasing CPU usage and memory pressure. Use a class (reference type) unless this type is small, immutable, and short-lived. |
| avoid_struct_prefer_class.cs:20:24:20:28 | Point | Green IT: Prefer 'class' over 'struct' for 'Point'. Structs are copied on every assignment and method call, increasing CPU usage and memory pressure. Use a class (reference type) unless this type is small, immutable, and short-lived. |